📦 Build: Unfollowers (Debug)

----- xcbeautify -----
Version: 3.1.2
----------------------

[36;1mResolving Package Graph[0m
[32;1mResolved source packages[0m
[36;1mZIPFoundation[0m - [1mhttps://github.com/weichsel/ZIPFoundation[0m @ [32m0.9.20[0m
[36;1mnote: [0mBuilding targets in dependency order
[36;1mnote: [0mTarget dependency graph (4 targets)
[[36mZIPFoundation[0m] [1mCopy[0m ZIPFoundation.modulemap -> ZIPFoundation.modulemap
[[36mUnfollowers[0m] [1mWrite Auxiliary File[0m Unfollowers.SwiftFileList
[[36mUnfollowers[0m] [1mWrite Auxiliary File[0m Unfollowers.SwiftConstValuesFileList
[[36mUnfollowers[0m] [1mWrite Auxiliary File[0m Unfollowers.LinkFileList
[[36mZIPFoundation_ZIPFoundation[0m] [1mProcessing[0m empty-ZIPFoundation_ZIPFoundation.plist
[[36mZIPFoundation_ZIPFoundation[0m] [1mCopying[0m PrivacyInfo.xcprivacy
[[36mZIPFoundation[0m] [1mCopy[0m arm64-apple-ios-simulator.abi.json -> ZIPFoundation.abi.json
[[36mZIPFoundation[0m] [1mCopy[0m arm64-apple-ios-simulator.swiftdoc -> ZIPFoundation.swiftdoc
[[36mZIPFoundation[0m] [1mCopy[0m arm64-apple-ios-simulator.swiftmodule -> ZIPFoundation.swiftmodule
[[36mZIPFoundation[0m] [1mCopy[0m arm64-apple-ios-simulator.swiftsourceinfo -> ZIPFoundation.swiftsourceinfo
[[36mZIPFoundation[0m] [1mLinking[0m ZIPFoundation.o
[[36mZIPFoundation[0m] [1mCreate Universal Binary[0m ZIPFoundation.o
[[36mUnfollowers[0m] [1mCopy[0m arm64-apple-ios-simulator.swiftdoc -> Unfollowers.swiftdoc
[[36mUnfollowers[0m] [1mCopy[0m arm64-apple-ios-simulator.swiftmodule -> Unfollowers.swiftmodule
[[36mUnfollowers[0m] [1mCopy[0m arm64-apple-ios-simulator.abi.json -> Unfollowers.abi.json
[[36mUnfollowers[0m] [1mCopy[0m arm64-apple-ios-simulator.swiftsourceinfo -> Unfollowers.swiftsourceinfo
[[36mZIPFoundation[0m] [1mExtract App Intents Metadata[0m
[[36mZIPFoundation[0m] [1mRegisterExecutionPolicyException[0m ZIPFoundation.o
[[36mUnfollowers[0m] [1mCopy[0m ZIPFoundation_ZIPFoundation.bundle -> ZIPFoundation_ZIPFoundation.bundle
[[36mUnfollowers[0m] [1mLinking[0m Unfollowers.debug.dylib
[[36mUnfollowers[0m] [1mLinking[0m Unfollowers.debug.dylib
[36;1mnote: [0mUsing stub executor library with Swift entry point. (in target 'Unfollowers' from project 'Unfollowers')
[[36mUnfollowers[0m] [1mLinking[0m Unfollowers
[[36mUnfollowers[0m] [1mCreate Universal Binary[0m Unfollowers.debug.dylib
[36;1mnote: [0mUsing stub executor library with Swift entry point. (in target 'Unfollowers' from project 'Unfollowers')
[[36mUnfollowers[0m] [1mLinking[0m Unfollowers
[[36mUnfollowers[0m] [1mCreate Universal Binary[0m Unfollowers
[36;1mnote: [0mEmplaced /Users/celikhakan/Unfollowers/.build/Build/Products/Debug-iphonesimulator/Unfollowers.app/Assets.car (in target 'Unfollowers' from project 'Unfollowers')
[36;1mnote: [0mEmplaced /Users/celikhakan/Unfollowers/.build/Build/Products/Debug-iphonesimulator/Unfollowers.app/AppIcon76x76@2x~ipad.png (in target 'Unfollowers' from project 'Unfollowers')
[36;1mnote: [0mEmplaced /Users/celikhakan/Unfollowers/.build/Build/Products/Debug-iphonesimulator/Unfollowers.app/AppIcon60x60@2x.png (in target 'Unfollowers' from project 'Unfollowers')
[[36mUnfollowers[0m] [1mProcessing[0m empty-Unfollowers.plist
[[36mUnfollowers[0m] [1mExtract App Intents Metadata[0m
[1mSigning[0m Unfollowers.debug.dylib (in target 'Unfollowers' from project 'Unfollowers')
[1mSigning[0m __preview.dylib (in target 'Unfollowers' from project 'Unfollowers')
[1mSigning[0m Unfollowers.app (in target 'Unfollowers' from project 'Unfollowers')
[[36mUnfollowers[0m] [1mValidate[0m Unfollowers.app
[32;1mBuild Succeeded[0m
🧹 Pruning old logs:
.logs/i18n_after_test_20251220_021659.log
📱 Simülatör hazırlanıyor: iPhone 16 Pro
Monitoring boot status for iPhone 16 Pro (DE53E21B-B26F-41A3-9C29-795F613D663D).
Device already booted, nothing to do.

📥 Simülatöre kurulum...
   APP: /Users/celikhakan/Unfollowers/.build/Build/Products/Debug-iphonesimulator/Unfollowers.app
🚀 Uygulama açılıyor: com.hakancelik.Unfollowers
com.hakancelik.Unfollowers: 42004
✅ Run tamam
