== Environment ==
CLANG_MODULE_CACHE_PATH=/Users/celikhakan/Unfollowers/.cache/clang/ModuleCache
DERIVED_DATA_PATH=/Users/celikhakan/Unfollowers/.derivedData
HOME=/Users/celikhakan/Unfollowers/.home
JAVA_HOME=/opt/homebrew/opt/openjdk@17/libexec/openjdk.jdk/Contents/Home
TMPDIR=/Users/celikhakan/Unfollowers/.tmp
XDG_CACHE_HOME=/Users/celikhakan/Unfollowers/.cache

== xcode-select -p ==
/Applications/Xcode.app/Contents/Developer

== xcodebuild -version ==
Xcode 16.4
Build version 16F6

== xcrun --sdk iphonesimulator --show-sdk-path ==
2025-12-21 17:14:08.655 xcodebuild[3301:52718]  DVTFilePathFSEvents: Failed to start fs event stream.
2025-12-21 17:14:08.751 xcodebuild[3301:52716] [MT] DVTDeveloperPaths: Failed to get length of DARWIN_USER_CACHE_DIR from confstr(3), error = Error Domain=NSPOSIXErrorDomain Code=5 "Input/output error". Using NSCachesDirectory instead.
2025-12-21 17:14:09.191 xcodebuild[3302:52755]  DVTFilePathFSEvents: Failed to start fs event stream.
2025-12-21 17:14:09.316 xcodebuild[3302:52751] [MT] DVTDeveloperPaths: Failed to get length of DARWIN_USER_CACHE_DIR from confstr(3), error = Error Domain=NSPOSIXErrorDomain Code=5 "Input/output error". Using NSCachesDirectory instead.
/Applications/Xcode.app/Contents/Developer/Platforms/iPhoneSimulator.platform/Developer/SDKs/iPhoneSimulator18.5.sdk

== xcodebuild -showBuildSettings (head) ==
2025-12-21 17:14:09.684 xcodebuild[3306:52777]  DVTFilePathFSEvents: Failed to start fs event stream.
2025-12-21 17:14:09.814 xcodebuild[3306:52775] [MT] DVTDeveloperPaths: Failed to get length of DARWIN_USER_CACHE_DIR from confstr(3), error = Error Domain=NSPOSIXErrorDomain Code=5 "Input/output error". Using NSCachesDirectory instead.
2025-12-21 17:14:10.014 xcodebuild[3306:52777] CoreSimulatorService connection became invalid.  Simulator services will no longer be available.
2025-12-21 17:14:10.014 xcodebuild[3306:52777] Logging connecton invalid: <OS_xpc_error: <dictionary: 0x20ba56be0> { count = 1, transaction: 0, voucher = 0x0, contents =
	"XPCErrorDescription" => <string: 0x20ba56d28> { length = 18, contents = "Connection invalid" }
}>
[-[SimServiceContext sendRequest:]:1743] ERROR : Unable to deliver request ({
    "developer_dir" = "/Applications/Xcode.app/Contents/Developer";
    request = "set_developer_dir";
}) because we are not connected to CoreSimulatorService.
Command line invocation:
    /Applications/Xcode.app/Contents/Developer/usr/bin/xcodebuild -showBuildSettings

[-[SimServiceContext initWithDeveloperDir:connectionType:error:]:450] WARN  : Unable to discover any Simulator runtimes. Developer Directory is /Applications/Xcode.app/Contents/Developer.
[-[SimDiskImageManager init]:148] ERROR : Could not kickstart simdiskimaged; SimDiskImageManager services will not be available: Error Domain=NSPOSIXErrorDomain Code=53 "Software caused connection abort" UserInfo={NSLocalizedDescription=Error returned in reply from CoreSimulatorService: Connection invalid}
[-[SimDiskImageManager _onQueue_checkConnection:]:212] ERROR : simdiskimaged returned error (invalid), marking disconnected.
[-[SimServiceContext initWithDeveloperDir:connectionType:error:]_block_invoke:486] ERROR : Could not get list of trusted mount directories: Error Domain=com.apple.CoreSimulator.SimError Code=410 "The service used to manage runtime disk images (simdiskimaged) crashed or is not responding" UserInfo={NSLocalizedDescription=The service used to manage runtime disk images (simdiskimaged) crashed or is not responding}
[-[SimDiskImageManager _onQueue_checkConnection:]:212] ERROR : simdiskimaged returned error (invalid), marking disconnected.
[-[SimServiceContext sendRequest:reply:error:]:1763] ERROR : Unable to deliver request ({
    request = "notification_subscription";
    "set_path" = "/Users/celikhakan/Library/Developer/CoreSimulator/Devices";
}) because we are not connected to CoreSimulatorService.
2025-12-21 17:14:10.056 xcodebuild[3306:52798] Error Domain=NSPOSIXErrorDomain Code=61 "Connection refused" UserInfo={NSLocalizedDescription=CoreSimulatorService connection became invalid.  Simulator services will no longer be available.}
2025-12-21 17:14:10.057 xcodebuild[3306:52775] [MT] DVTAssertions: Warning in DVTFrameworks/DVTFoundation/FileTypes/DVTFileDataTypeDetection.m:75
Details:  detectedTypeIdentifier (com.apple.xml-property-list) does not conform to matchedTypeIdentifier in MagicFileDataTypeDetector extenson com.apple.property-list.  When both are specified, this conformance is required. extension.identifier:Xcode.MagicFileDataTypeDetector.XMLPlist
Object:   <DVTFileDataTypeDetectionMagicCache: 0x6000019ae490>
Method:   -initWithExtension:
Thread:   <_NSMainThread: 0x6000000181c0>{number = 1, name = main}
Please file a bug at https://feedbackassistant.apple.com with this warning message and any useful information you can provide.
[-[SimServiceContext sendRequest:reply:error:]:1763] ERROR : Unable to deliver request ({
    request = "notification_subscription";
    "set_path" = "/Users/celikhakan/Library/Developer/CoreSimulator/Devices";
}) because we are not connected to CoreSimulatorService.
2025-12-21 17:14:10.058 xcodebuild[3306:52798]  iOSSimulator: [SimServiceContext defaultDeviceSetWithError:] returned nil (Error Domain=NSPOSIXErrorDomain Code=61 "Connection refused" UserInfo={NSLocalizedFailureReason=Failed to subscribe to notifications from CoreSimulatorService., NSLocalizedDescription=Failed to initialize simulator device set., NSUnderlyingError=0x6000019acc90 {Error Domain=NSPOSIXErrorDomain Code=61 "Connection refused" UserInfo={NSLocalizedDescription=CoreSimulatorService connection became invalid.  Simulator services will no longer be available.}}}). Simulator device support disabled.
2025-12-21 17:14:10.058 xcodebuild[3306:52778] Error Domain=NSPOSIXErrorDomain Code=61 "Connection refused" UserInfo={NSLocalizedDescription=CoreSimulatorService connection became invalid.  Simulator services will no longer be available.}
2025-12-21 17:14:10.058 xcodebuild[3306:52775] [MT] DVTAssertions: Warning in DVTFrameworks/DVTFoundation/FileTypes/DVTFileDataTypeDetection.m:75
Details:  detectedTypeIdentifier (com.apple.binary-property-list) does not conform to matchedTypeIdentifier in MagicFileDataTypeDetector extenson com.apple.property-list.  When both are specified, this conformance is required. extension.identifier:Xcode.MagicFileDataTypeDetector.BinaryPlist
Object:   <DVTFileDataTypeDetectionMagicCache: 0x6000019af8d0>
Method:   -initWithExtension:
Thread:   <_NSMainThread: 0x6000000181c0>{number = 1, name = main}
Please file a bug at https://feedbackassistant.apple.com with this warning message and any useful information you can provide.
2025-12-21 17:14:10.058 xcodebuild[3306:52778]  IDESimulatorAvailability: startObservingSimulatorUpdates() FAILED to register SimDeviceSet observer
2025-12-21 17:14:10.128 xcodebuild[3306:52777]  IDELogStore: Unable to remove item at path /Users/celikhakan/Library/Developer/Xcode/DerivedData/Unfollowers-gtbwqlxoslrfdfdkjjuudyonkksw/Logs/Launch/Run-Unfollowers-2025.12.20_02-44-38-+0300.xcresult: Error Domain=NSCocoaErrorDomain Code=513 "“Run-Unfollowers-2025.12.20_02-44-38-+0300.xcresult” couldn’t be removed because you don’t have permission to access it." UserInfo={NSUserStringVariant=(
    Remove
), NSFilePath=/Users/celikhakan/Library/Developer/Xcode/DerivedData/Unfollowers-gtbwqlxoslrfdfdkjjuudyonkksw/Logs/Launch/Run-Unfollowers-2025.12.20_02-44-38-+0300.xcresult, NSURL=file:///Users/celikhakan/Library/Developer/Xcode/DerivedData/Unfollowers-gtbwqlxoslrfdfdkjjuudyonkksw/Logs/Launch/Run-Unfollowers-2025.12.20_02-44-38-+0300.xcresult, NSUnderlyingError=0x6000019f0090 {Error Domain=NSPOSIXErrorDomain Code=1 "Operation not permitted"}}
Resolve Package Graph
/Users/celikhakan/Library/org.swift.swiftpm/configuration is not accessible or not writable, disabling user-level cache features./Users/celikhakan/Library/org.swift.swiftpm/security is not accessible or not writable, disabling user-level cache features./Users/celikhakan/Library/Caches/org.swift.swiftpm is not accessible or not writable, disabling user-level cache features.
Package: zipfoundation

fatalError2025-12-21 17:14:10.221 xcodebuild[3306:52775] Writing error result bundle to /Users/celikhakan/Unfollowers/.tmp/ResultBundle_2025-21-12_17-14-0010.xcresult
xcodebuild: error: Could not resolve package dependencies:
  fatalError
  <unknown>:0: warning: legacy driver is now deprecated; consider avoiding specifying '-disallow-use-new-driver'
<unknown>:0: error: unable to make temporary file: Operation not permitted


== ls /Applications | grep -i Simulator ==

== mdfind com.apple.iphonesimulator ==

== xcrun simctl list devices (top 60) ==
2025-12-21 17:14:10.331 simctl[3327:52885] CoreSimulatorService connection became invalid.  Simulator services will no longer be available.
2025-12-21 17:14:10.331 simctl[3327:52886] Logging connecton invalid: <OS_xpc_error: <dictionary: 0x20ba56be0> { count = 1, transaction: 0, voucher = 0x0, contents =
	"XPCErrorDescription" => <string: 0x20ba56d28> { length = 18, contents = "Connection invalid" }
}>
[-[SimServiceContext sendRequest:]:1743] ERROR : Unable to deliver request ({
    "developer_dir" = "/Applications/Xcode.app/Contents/Developer";
    request = "set_developer_dir";
}) because we are not connected to CoreSimulatorService.
[-[SimServiceContext initWithDeveloperDir:connectionType:error:]:450] WARN  : Unable to discover any Simulator runtimes. Developer Directory is /Applications/Xcode.app/Contents/Developer.
[-[SimDiskImageManager init]:148] ERROR : Could not kickstart simdiskimaged; SimDiskImageManager services will not be available: Error Domain=NSPOSIXErrorDomain Code=53 "Software caused connection abort" UserInfo={NSLocalizedDescription=Error returned in reply from CoreSimulatorService: Connection invalid}
[-[SimDiskImageManager _onQueue_checkConnection:]:212] ERROR : simdiskimaged returned error (invalid), marking disconnected.
[-[SimDiskImageManager _onQueue_checkConnection:]:212] ERROR : simdiskimaged returned error (invalid), marking disconnected.
[-[SimServiceContext initWithDeveloperDir:connectionType:error:]_block_invoke:486] ERROR : Could not get list of trusted mount directories: Error Domain=com.apple.CoreSimulator.SimError Code=410 "The service used to manage runtime disk images (simdiskimaged) crashed or is not responding" UserInfo={NSLocalizedDescription=The service used to manage runtime disk images (simdiskimaged) crashed or is not responding}
[-[SimServiceContext sendRequest:reply:error:]:1763] ERROR : Unable to deliver request ({
    request = "notification_subscription";
    "set_path" = "/Users/celikhakan/Library/Developer/CoreSimulator/Devices";
}) because we are not connected to CoreSimulatorService.
2025-12-21 17:14:10.370 simctl[3327:52883] Error Domain=NSPOSIXErrorDomain Code=61 "Connection refused" UserInfo={NSLocalizedDescription=CoreSimulatorService connection became invalid.  Simulator services will no longer be available.}
Unable to locate device set: Error Domain=NSPOSIXErrorDomain Code=61 "Connection refused" UserInfo={NSLocalizedFailureReason=Failed to subscribe to notifications from CoreSimulatorService., NSLocalizedDescription=Failed to initialize simulator device set., NSUnderlyingError=0x6000009f4180 {Error Domain=NSPOSIXErrorDomain Code=61 "Connection refused" UserInfo={NSLocalizedDescription=CoreSimulatorService connection became invalid.  Simulator services will no longer be available.}}}

== xcrun simctl list runtimes (top 60) ==
2025-12-21 17:14:10.408 simctl[3333:52923] CoreSimulatorService connection became invalid.  Simulator services will no longer be available.
2025-12-21 17:14:10.408 simctl[3333:52924] Logging connecton invalid: <OS_xpc_error: <dictionary: 0x20ba56be0> { count = 1, transaction: 0, voucher = 0x0, contents =
	"XPCErrorDescription" => <string: 0x20ba56d28> { length = 18, contents = "Connection invalid" }
}>
[-[SimServiceContext sendRequest:]:1743] ERROR : Unable to deliver request ({
    "developer_dir" = "/Applications/Xcode.app/Contents/Developer";
    request = "set_developer_dir";
}) because we are not connected to CoreSimulatorService.
[-[SimServiceContext initWithDeveloperDir:connectionType:error:]:450] WARN  : Unable to discover any Simulator runtimes. Developer Directory is /Applications/Xcode.app/Contents/Developer.
[-[SimDiskImageManager init]:148] ERROR : Could not kickstart simdiskimaged; SimDiskImageManager services will not be available: Error Domain=NSPOSIXErrorDomain Code=53 "Software caused connection abort" UserInfo={NSLocalizedDescription=Error returned in reply from CoreSimulatorService: Connection invalid}
[-[SimDiskImageManager _onQueue_checkConnection:]:212] ERROR : simdiskimaged returned error (invalid), marking disconnected.
[-[SimDiskImageManager _onQueue_checkConnection:]:212] ERROR : simdiskimaged returned error (invalid), marking disconnected.
[-[SimServiceContext initWithDeveloperDir:connectionType:error:]_block_invoke:486] ERROR : Could not get list of trusted mount directories: Error Domain=com.apple.CoreSimulator.SimError Code=410 "The service used to manage runtime disk images (simdiskimaged) crashed or is not responding" UserInfo={NSLocalizedDescription=The service used to manage runtime disk images (simdiskimaged) crashed or is not responding}
[-[SimServiceContext sendRequest:reply:error:]:1763] ERROR : Unable to deliver request ({
    request = "notification_subscription";
    "set_path" = "/Users/celikhakan/Library/Developer/CoreSimulator/Devices";
}) because we are not connected to CoreSimulatorService.
2025-12-21 17:14:10.448 simctl[3333:52921] Error Domain=NSPOSIXErrorDomain Code=61 "Connection refused" UserInfo={NSLocalizedDescription=CoreSimulatorService connection became invalid.  Simulator services will no longer be available.}
Unable to locate device set: Error Domain=NSPOSIXErrorDomain Code=61 "Connection refused" UserInfo={NSLocalizedFailureReason=Failed to subscribe to notifications from CoreSimulatorService., NSLocalizedDescription=Failed to initialize simulator device set., NSUnderlyingError=0x600001934960 {Error Domain=NSPOSIXErrorDomain Code=61 "Connection refused" UserInfo={NSLocalizedDescription=CoreSimulatorService connection became invalid.  Simulator services will no longer be available.}}}

== xcrun simctl bootstatus 'iPhone 16 Pro' -b ==
2025-12-21 17:14:10.474 simctl[3339:52948] CoreSimulatorService connection became invalid.  Simulator services will no longer be available.
2025-12-21 17:14:10.474 simctl[3339:52949] Logging connecton invalid: <OS_xpc_error: <dictionary: 0x20ba56be0> { count = 1, transaction: 0, voucher = 0x0, contents =
	"XPCErrorDescription" => <string: 0x20ba56d28> { length = 18, contents = "Connection invalid" }
}>
[-[SimServiceContext sendRequest:]:1743] ERROR : Unable to deliver request ({
    "developer_dir" = "/Applications/Xcode.app/Contents/Developer";
    request = "set_developer_dir";
}) because we are not connected to CoreSimulatorService.
[-[SimServiceContext initWithDeveloperDir:connectionType:error:]:450] WARN  : Unable to discover any Simulator runtimes. Developer Directory is /Applications/Xcode.app/Contents/Developer.
[-[SimDiskImageManager init]:148] ERROR : Could not kickstart simdiskimaged; SimDiskImageManager services will not be available: Error Domain=NSPOSIXErrorDomain Code=53 "Software caused connection abort" UserInfo={NSLocalizedDescription=Error returned in reply from CoreSimulatorService: Connection invalid}
[-[SimDiskImageManager _onQueue_checkConnection:]:212] ERROR : simdiskimaged returned error (invalid), marking disconnected.
[-[SimDiskImageManager _onQueue_checkConnection:]:212] ERROR : simdiskimaged returned error (invalid), marking disconnected.
[-[SimServiceContext initWithDeveloperDir:connectionType:error:]_block_invoke:486] ERROR : Could not get list of trusted mount directories: Error Domain=com.apple.CoreSimulator.SimError Code=410 "The service used to manage runtime disk images (simdiskimaged) crashed or is not responding" UserInfo={NSLocalizedDescription=The service used to manage runtime disk images (simdiskimaged) crashed or is not responding}
[-[SimServiceContext sendRequest:reply:error:]:1763] ERROR : Unable to deliver request ({
    request = "notification_subscription";
    "set_path" = "/Users/celikhakan/Library/Developer/CoreSimulator/Devices";
}) because we are not connected to CoreSimulatorService.
2025-12-21 17:14:10.507 simctl[3339:52943] Error Domain=NSPOSIXErrorDomain Code=61 "Connection refused" UserInfo={NSLocalizedDescription=CoreSimulatorService connection became invalid.  Simulator services will no longer be available.}
Unable to locate device set: Error Domain=NSPOSIXErrorDomain Code=61 "Connection refused" UserInfo={NSLocalizedFailureReason=Failed to subscribe to notifications from CoreSimulatorService., NSLocalizedDescription=Failed to initialize simulator device set., NSUnderlyingError=0x600003b79080 {Error Domain=NSPOSIXErrorDomain Code=61 "Connection refused" UserInfo={NSLocalizedDescription=CoreSimulatorService connection became invalid.  Simulator services will no longer be available.}}}

== open -Ra Simulator ==
Unable to find application named 'Simulator'
Simulator NOT launchable

