📦 Build: Unfollowers (Debug)

----- xcbeautify -----
Version: 3.1.2
----------------------

2025-12-21 17:14:07.901 xcodebuild[3276:52568]  DVTFilePathFSEvents: Failed to start fs event stream.
2025-12-21 17:14:08.099 xcodebuild[3276:52563] [MT] DVTDeveloperPaths: Failed to get length of DARWIN_USER_CACHE_DIR from confstr(3), error = Error Domain=NSPOSIXErrorDomain Code=5 "Input/output error". Using NSCachesDirectory instead.
2025-12-21 17:14:08.295 xcodebuild[3276:52567] CoreSimulatorService connection became invalid.  Simulator services will no longer be available.
2025-12-21 17:14:08.295 xcodebuild[3276:52587] Logging connecton invalid: <OS_xpc_error: <dictionary: 0x20ba56be0> { count = 1, transaction: 0, voucher = 0x0, contents =
	"XPCErrorDescription" => <string: 0x20ba56d28> { length = 18, contents = "Connection invalid" }
}>
[-[SimServiceContext sendRequest:]:1743] ERROR : Unable to deliver request ({
    "developer_dir" = "/Applications/Xcode.app/Contents/Developer";
    request = "set_developer_dir";
}) because we are not connected to CoreSimulatorService.
2025-12-21 17:14:08.328 xcodebuild[3276:52563] [MT] DVTAssertions: Warning in DVTFrameworks/DVTFoundation/FileTypes/DVTFileDataTypeDetection.m:75
Details:  detectedTypeIdentifier (com.apple.xml-property-list) does not conform to matchedTypeIdentifier in MagicFileDataTypeDetector extenson com.apple.property-list.  When both are specified, this conformance is required. extension.identifier:Xcode.MagicFileDataTypeDetector.XMLPlist
Object:   <DVTFileDataTypeDetectionMagicCache: 0x600002a1c7e0>
Method:   -initWithExtension:
Thread:   <_NSMainThread: 0x6000033ac1c0>{number = 1, name = main}
Please file a bug at https://feedbackassistant.apple.com with this warning message and any useful information you can provide.
2025-12-21 17:14:08.329 xcodebuild[3276:52563] [MT] DVTAssertions: Warning in DVTFrameworks/DVTFoundation/FileTypes/DVTFileDataTypeDetection.m:75
Details:  detectedTypeIdentifier (com.apple.binary-property-list) does not conform to matchedTypeIdentifier in MagicFileDataTypeDetector extenson com.apple.property-list.  When both are specified, this conformance is required. extension.identifier:Xcode.MagicFileDataTypeDetector.BinaryPlist
Object:   <DVTFileDataTypeDetectionMagicCache: 0x600002a389f0>
Method:   -initWithExtension:
Thread:   <_NSMainThread: 0x6000033ac1c0>{number = 1, name = main}
Please file a bug at https://feedbackassistant.apple.com with this warning message and any useful information you can provide.
[-[SimServiceContext initWithDeveloperDir:connectionType:error:]:450] WARN  : Unable to discover any Simulator runtimes. Developer Directory is /Applications/Xcode.app/Contents/Developer.
[-[SimDiskImageManager init]:148] ERROR : Could not kickstart simdiskimaged; SimDiskImageManager services will not be available: Error Domain=NSPOSIXErrorDomain Code=53 "Software caused connection abort" UserInfo={NSLocalizedDescription=Error returned in reply from CoreSimulatorService: Connection invalid}
[-[SimServiceContext initWithDeveloperDir:connectionType:error:]_block_invoke:486] ERROR : Could not get list of trusted mount directories: Error Domain=com.apple.CoreSimulator.SimError Code=409 "Cannot talk to the service used to manage runtime disk images (simdiskimaged) because its launchd job is not registered or was unloaded" UserInfo={NSLocalizedDescription=Cannot talk to the service used to manage runtime disk images (simdiskimaged) because its launchd job is not registered or was unloaded}
[-[SimDiskImageManager _onQueue_checkConnection:]:192] ERROR : simdiskimaged connection is currently unavailable because connection became invalid
[-[SimDiskImageManager _onQueue_checkConnection:]:192] ERROR : simdiskimaged connection is currently unavailable because connection became invalid
[-[SimServiceContext sendRequest:reply:error:]:1763] ERROR : Unable to deliver request ({
    request = "notification_subscription";
    "set_path" = "/Users/celikhakan/Library/Developer/CoreSimulator/Devices";
}) because we are not connected to CoreSimulatorService.
2025-12-21 17:14:08.330 xcodebuild[3276:52588] Error Domain=NSPOSIXErrorDomain Code=61 "Connection refused" UserInfo={NSLocalizedDescription=CoreSimulatorService connection became invalid.  Simulator services will no longer be available.}
[-[SimServiceContext sendRequest:reply:error:]:1763] ERROR : Unable to deliver request ({
    request = "notification_subscription";
    "set_path" = "/Users/celikhakan/Library/Developer/CoreSimulator/Devices";
}) because we are not connected to CoreSimulatorService.
2025-12-21 17:14:08.331 xcodebuild[3276:52588]  iOSSimulator: [SimServiceContext defaultDeviceSetWithError:] returned nil (Error Domain=NSPOSIXErrorDomain Code=61 "Connection refused" UserInfo={NSLocalizedFailureReason=Failed to subscribe to notifications from CoreSimulatorService., NSLocalizedDescription=Failed to initialize simulator device set., NSUnderlyingError=0x600002a1df50 {Error Domain=NSPOSIXErrorDomain Code=61 "Connection refused" UserInfo={NSLocalizedDescription=CoreSimulatorService connection became invalid.  Simulator services will no longer be available.}}}). Simulator device support disabled.
2025-12-21 17:14:08.331 xcodebuild[3276:52568] Error Domain=NSPOSIXErrorDomain Code=61 "Connection refused" UserInfo={NSLocalizedDescription=CoreSimulatorService connection became invalid.  Simulator services will no longer be available.}
2025-12-21 17:14:08.332 xcodebuild[3276:52568]  IDESimulatorAvailability: startObservingSimulatorUpdates() FAILED to register SimDeviceSet observer
[36;1mResolving Package Graph[0m
2025-12-21 17:14:08.472 xcodebuild[3276:52563] Writing error result bundle to /Users/celikhakan/Unfollowers/.tmp/ResultBundle_2025-21-12_17-14-0008.xcresult
xcodebuild: error: Could not resolve package dependencies:
  fatalError
  <unknown>:0: warning: legacy driver is now deprecated; consider avoiding specifying '-disallow-use-new-driver'
<unknown>:0: error: unable to make temporary file: Operation not permitted

make: *** [build] Error 74
