== ls /Applications | grep -i Simulator ==

== mdfind com.apple.iphonesimulator ==

== xcrun simctl list devices (top 40) ==
2025-12-21 17:11:35.709 xcodebuild[2951:46992]  DVTFilePathFSEvents: Failed to start fs event stream.
2025-12-21 17:11:35.798 xcodebuild[2951:46990] [MT] DVTDeveloperPaths: Failed to get length of DARWIN_USER_CACHE_DIR from confstr(3), error = Error Domain=NSPOSIXErrorDomain Code=5 "Input/output error". Using NSCachesDirectory instead.
2025-12-21 17:11:36.353 simctl[2949:47097] CoreSimulatorService connection became invalid.  Simulator services will no longer be available.
2025-12-21 17:11:36.353 simctl[2949:47096] Logging connecton invalid: <OS_xpc_error: <dictionary: 0x20ba56be0> { count = 1, transaction: 0, voucher = 0x0, contents =
	"XPCErrorDescription" => <string: 0x20ba56d28> { length = 18, contents = "Connection invalid" }
}>
2025-12-21 17:11:36.353 simctl[2949:47096] Error opening log file (/Users/celikhakan/Library/Logs/CoreSimulator/CoreSimulator.com.apple.CoreSimulator.simctl.log): Operation not permitted
[-[SimServiceContext sendRequest:]:1743] ERROR : Unable to deliver request ({
    "developer_dir" = "/Applications/Xcode.app/Contents/Developer";
    request = "set_developer_dir";
}) because we are not connected to CoreSimulatorService.
[-[SimServiceContext initWithDeveloperDir:connectionType:error:]:450] WARN  : Unable to discover any Simulator runtimes. Developer Directory is /Applications/Xcode.app/Contents/Developer.
[-[SimDiskImageManager init]:148] ERROR : Could not kickstart simdiskimaged; SimDiskImageManager services will not be available: Error Domain=NSPOSIXErrorDomain Code=53 "Software caused connection abort" UserInfo={NSLocalizedDescription=Error returned in reply from CoreSimulatorService: Connection invalid}
[-[SimDiskImageManager _onQueue_checkConnection:]:212] ERROR : simdiskimaged returned error (invalid), marking disconnected.
[-[SimDiskImageManager _onQueue_checkConnection:]:212] ERROR : simdiskimaged returned error (invalid), marking disconnected.
[-[SimServiceContext initWithDeveloperDir:connectionType:error:]_block_invoke:486] ERROR : Could not get list of trusted mount directories: Error Domain=com.apple.CoreSimulator.SimError Code=410 "The service used to manage runtime disk images (simdiskimaged) crashed or is not responding" UserInfo={NSLocalizedDescription=The service used to manage runtime disk images (simdiskimaged) crashed or is not responding}
[-[SimServiceContext sendRequest:reply:error:]:1763] ERROR : Unable to deliver request ({
    request = "notification_subscription";
    "set_path" = "/Users/celikhakan/Library/Developer/CoreSimulator/Devices";
}) because we are not connected to CoreSimulatorService.
2025-12-21 17:11:36.389 simctl[2949:47094] Error Domain=NSPOSIXErrorDomain Code=61 "Connection refused" UserInfo={NSLocalizedDescription=CoreSimulatorService connection became invalid.  Simulator services will no longer be available.}
Unable to locate device set: Error Domain=NSPOSIXErrorDomain Code=61 "Connection refused" UserInfo={NSLocalizedFailureReason=Failed to subscribe to notifications from CoreSimulatorService., NSLocalizedDescription=Failed to initialize simulator device set., NSUnderlyingError=0x600003c21b90 {Error Domain=NSPOSIXErrorDomain Code=61 "Connection refused" UserInfo={NSLocalizedDescription=CoreSimulatorService connection became invalid.  Simulator services will no longer be available.}}}

== xcode-select -p ==
/Applications/Xcode.app/Contents/Developer
