Dec 21 17:14:10 Muhammeds-MacBook-Pro com.apple.CoreSimulator.simctl[3327] <Error>: Unable to deliver request ({
	    "developer_dir" = "/Applications/Xcode.app/Contents/Developer";
	    request = "set_developer_dir";
	}) because we are not connected to CoreSimulatorService.
Dec 21 17:14:10 Muhammeds-MacBook-Pro com.apple.CoreSimulator.simctl[3327] <Warning>: Unable to discover any Simulator runtimes. Developer Directory is /Applications/Xcode.app/Contents/Developer.
Dec 21 17:14:10 Muhammeds-MacBook-Pro com.apple.CoreSimulator.simctl[3327] <Error>: Could not kickstart simdiskimaged; SimDiskImageManager services will not be available: Error Domain=NSPOSIXErrorDomain Code=53 "Software caused connection abort" UserInfo={NSLocalizedDescription=Error returned in reply from CoreSimulatorService: Connection invalid}
Dec 21 17:14:10 Muhammeds-MacBook-Pro com.apple.CoreSimulator.simctl[3327] <Error>: simdiskimaged returned error (invalid), marking disconnected.
Dec 21 17:14:10 Muhammeds-MacBook-Pro com.apple.CoreSimulator.simctl[3327] <Error>: simdiskimaged returned error (invalid), marking disconnected.
Dec 21 17:14:10 Muhammeds-MacBook-Pro com.apple.CoreSimulator.simctl[3327] <Error>: Could not get list of trusted mount directories: Error Domain=com.apple.CoreSimulator.SimError Code=410 "The service used to manage runtime disk images (simdiskimaged) crashed or is not responding" UserInfo={NSLocalizedDescription=The service used to manage runtime disk images (simdiskimaged) crashed or is not responding}
Dec 21 17:14:10 Muhammeds-MacBook-Pro com.apple.CoreSimulator.simctl[3327] <Error>: Unable to deliver request ({
	    request = "notification_subscription";
	    "set_path" = "/Users/celikhakan/Library/Developer/CoreSimulator/Devices";
	}) because we are not connected to CoreSimulatorService.
Dec 21 17:14:10 Muhammeds-MacBook-Pro com.apple.CoreSimulator.simctl[3333] <Error>: Unable to deliver request ({
	    "developer_dir" = "/Applications/Xcode.app/Contents/Developer";
	    request = "set_developer_dir";
	}) because we are not connected to CoreSimulatorService.
Dec 21 17:14:10 Muhammeds-MacBook-Pro com.apple.CoreSimulator.simctl[3333] <Warning>: Unable to discover any Simulator runtimes. Developer Directory is /Applications/Xcode.app/Contents/Developer.
Dec 21 17:14:10 Muhammeds-MacBook-Pro com.apple.CoreSimulator.simctl[3333] <Error>: Could not kickstart simdiskimaged; SimDiskImageManager services will not be available: Error Domain=NSPOSIXErrorDomain Code=53 "Software caused connection abort" UserInfo={NSLocalizedDescription=Error returned in reply from CoreSimulatorService: Connection invalid}
Dec 21 17:14:10 Muhammeds-MacBook-Pro com.apple.CoreSimulator.simctl[3333] <Error>: Could not get list of trusted mount directories: Error Domain=com.apple.CoreSimulator.SimError Code=410 "The service used to manage runtime disk images (simdiskimaged) crashed or is not responding" UserInfo={NSLocalizedDescription=The service used to manage runtime disk images (simdiskimaged) crashed or is not responding}
Dec 21 17:14:10 Muhammeds-MacBook-Pro com.apple.CoreSimulator.simctl[3333] <Error>: simdiskimaged returned error (invalid), marking disconnected.
Dec 21 17:14:10 Muhammeds-MacBook-Pro com.apple.CoreSimulator.simctl[3333] <Error>: simdiskimaged returned error (invalid), marking disconnected.
Dec 21 17:14:10 Muhammeds-MacBook-Pro com.apple.CoreSimulator.simctl[3333] <Error>: Unable to deliver request ({
	    request = "notification_subscription";
	    "set_path" = "/Users/celikhakan/Library/Developer/CoreSimulator/Devices";
	}) because we are not connected to CoreSimulatorService.
Dec 21 17:14:10 Muhammeds-MacBook-Pro com.apple.CoreSimulator.simctl[3339] <Error>: Unable to deliver request ({
	    "developer_dir" = "/Applications/Xcode.app/Contents/Developer";
	    request = "set_developer_dir";
	}) because we are not connected to CoreSimulatorService.
Dec 21 17:14:10 Muhammeds-MacBook-Pro com.apple.CoreSimulator.simctl[3339] <Warning>: Unable to discover any Simulator runtimes. Developer Directory is /Applications/Xcode.app/Contents/Developer.
Dec 21 17:14:10 Muhammeds-MacBook-Pro com.apple.CoreSimulator.simctl[3339] <Error>: Could not kickstart simdiskimaged; SimDiskImageManager services will not be available: Error Domain=NSPOSIXErrorDomain Code=53 "Software caused connection abort" UserInfo={NSLocalizedDescription=Error returned in reply from CoreSimulatorService: Connection invalid}
Dec 21 17:14:10 Muhammeds-MacBook-Pro com.apple.CoreSimulator.simctl[3339] <Error>: simdiskimaged returned error (invalid), marking disconnected.
Dec 21 17:14:10 Muhammeds-MacBook-Pro com.apple.CoreSimulator.simctl[3339] <Error>: simdiskimaged returned error (invalid), marking disconnected.
Dec 21 17:14:10 Muhammeds-MacBook-Pro com.apple.CoreSimulator.simctl[3339] <Error>: Could not get list of trusted mount directories: Error Domain=com.apple.CoreSimulator.SimError Code=410 "The service used to manage runtime disk images (simdiskimaged) crashed or is not responding" UserInfo={NSLocalizedDescription=The service used to manage runtime disk images (simdiskimaged) crashed or is not responding}
Dec 21 17:14:10 Muhammeds-MacBook-Pro com.apple.CoreSimulator.simctl[3339] <Error>: Unable to deliver request ({
	    request = "notification_subscription";
	    "set_path" = "/Users/celikhakan/Library/Developer/CoreSimulator/Devices";
	}) because we are not connected to CoreSimulatorService.
